  0:
  1:C_SECTION
  2:c_section_opt
  3:decl_list
  4:LEFT
  5:NONASSOC
  6:RIGHT
  7:TOKEN
  8:TYPE
  9:UNION
 10:EXPECT
 11:SECTION
 12:decl
 13:any_decl
 14:ACTION1
 15:action
 16:NUMBER
 17:prod_list
 18:SEMTYPE
 19:opt_sem_type
 20:sem_type
 21:ACTION2
 22:TYPE
 23:END_SECTION
 24:IDENT
 25:prod
 26:prod_head
 27:prod_ident
 28:IDENT
 29:CHAR
 30:decl_ident_list
 31:decl_ident_or_char
 32:ident_or_char
 33:id_or_char
 34:sem_type
 35:':'
 36:'('
 37:params_decl_opt
 38:@1
 39:'/'
 40:description_opt
 41:prod_ident
 42:alt_list
 43:rule
 44:@6
 45:')'
 46:@4
 47:@3
 48:decl_ident_or_char
 49:C_STRING
 50:params_decl_opt
 51:';'
 52:'|'
 53:PREC
 54:action
 55:ident_or_char
 56:sym_list_opt
 57:sym_list
 58:symbol_invoke
 59:symbol
 60:sym_ident
 61:'$'
 62:param_decl_list
 63:param_decl
 64:description_opt
 65:@2
 66:alt_list
 67:ident_or_char
 68:symbol_invoke
 69:'('
 70:call
 71:sem_type
 72:')'
 73:','
 74:description_opt
 75:'$'
 76:action
 77:arg_list
 78:arg
 79:IDENT
 80:@5
 81:IDENT
 82:opt_sem_type
 83:')'
 84:','
 85:param_decl
 86:NUMBER
 87:arg
 88:grammar
 89:$
 90:$
